#
# There is insufficient memory for the Java Runtime Environment to continue.
# Native memory allocation (malloc) failed to allocate 1105648 bytes for Chunk::new
# Possible reasons:
#   The system is out of physical RAM or swap space
#   The process is running with CompressedOops enabled, and the Java Heap may be blocking the growth of the native heap
# Possible solutions:
#   Reduce memory load on the system
#   Increase physical memory or swap space
#   Check if swap backing store is full
#   Decrease Java heap size (-Xmx/-Xms)
#   Decrease number of Java threads
#   Decrease Java thread stack sizes (-Xss)
#   Set larger code cache with -XX:ReservedCodeCacheSize=
#   JVM is running with Unscaled Compressed Oops mode in which the Java heap is
#     placed in the first 4GB address space. The Java Heap base address is the
#     maximum limit for the native heap growth. Please use -XX:HeapBaseMinAddress
#     to set the Java Heap base and to place the Java Heap above 4GB virtual address.
# This output file may be truncated or incomplete.
#
#  Out of Memory Error (arena.cpp:189), pid=8916, tid=10892
#
# JRE version: Java(TM) SE Runtime Environment (17.0.6+9) (build 17.0.6+9-LTS-190)
# Java VM: Java HotSpot(TM) 64-Bit Server VM (17.0.6+9-LTS-190, mixed mode, sharing, tiered, compressed oops, compressed class ptrs, g1 gc, windows-amd64)
# No core dump will be written. Minidumps are not enabled by default on client versions of Windows
#

---------------  S U M M A R Y ------------

Command Line: -javaagent:C:\Program Files\JetBrains\IntelliJ IDEA Community Edition 2022.2.3\lib\idea_rt.jar=50120:C:\Program Files\JetBrains\IntelliJ IDEA Community Edition 2022.2.3\bin -Dfile.encoding=UTF-8 com.api.ntc6001.Ntc6001Application

Host: AMD A10-8700P Radeon R6, 10 Compute Cores 4C+6G, 4 cores, 6G,  Windows 10 , 64 bit Build 19041 (10.0.19041.3155)
Time: Mon Sep 16 21:49:27 2024 Hora est. Pacífico, Sudamérica elapsed time: 41817.551808 seconds (0d 11h 36m 57s)

---------------  T H R E A D  ---------------

Current thread (0x000001d5fa960a90):  JavaThread "C2 CompilerThread0" daemon [_thread_in_native, id=10892, stack(0x000000058a100000,0x000000058a200000)]


Current CompileTask:
C2:41817552 17218       4       org.hibernate.sql.results.jdbc.internal.DeferredResultSetAccess::release (80 bytes)

Stack: [0x000000058a100000,0x000000058a200000]
Native frames: (J=compiled Java code, j=interpreted, Vv=VM code, C=native code)
V  [jvm.dll+0x6734ea]
V  [jvm.dll+0x7d18f4]
V  [jvm.dll+0x7d309e]
V  [jvm.dll+0x7d3703]
V  [jvm.dll+0x2433c5]
V  [jvm.dll+0xaa46b]
V  [jvm.dll+0xaaa0c]
V  [jvm.dll+0x35eb2e]
V  [jvm.dll+0x329401]
V  [jvm.dll+0x32889a]
V  [jvm.dll+0x215ddf]
V  [jvm.dll+0x215211]
V  [jvm.dll+0x1a1730]
V  [jvm.dll+0x224b6e]
V  [jvm.dll+0x222f15]
V  [jvm.dll+0x78753c]
V  [jvm.dll+0x781a7a]
V  [jvm.dll+0x672375]
C  [ucrtbase.dll+0x21bb2]
C  [KERNEL32.DLL+0x17614]
C  [ntdll.dll+0x526b1]


---------------  P R O C E S S  ---------------

Threads class SMR info:
_java_thread_list=0x000001d5fe379330, length=33, elements={
0x000001d5fa945da0, 0x000001d5fa946c10, 0x000001d5fa95a8f0, 0x000001d5fa95b3b0,
0x000001d5fa95f530, 0x000001d5fa95fdf0, 0x000001d5fa960a90, 0x000001d5fa962f30,
0x000001d5fa969cf0, 0x000001d5fb46b690, 0x000001d5fb7f9810, 0x000001d5fbad06e0,
0x000001d5fc19aec0, 0x000001d5fc19c6d0, 0x000001d5fc19f6f0, 0x000001d5fc720bc0,
0x000001d5fc198d10, 0x000001d5fc1a0090, 0x000001d5fc19a520, 0x000001d5fc19d540,
0x000001d5fc19e880, 0x000001d5fc19da10, 0x000001d5fc19a050, 0x000001d5fc19e3b0,
0x000001d5fc19ed50, 0x000001d5fc19b860, 0x000001d5fc19bd30, 0x000001d5fc19c200,
0x000001d5fc19cba0, 0x000001d5fc721560, 0x000001d5fc71c860, 0x000001d5fc71f880,
0x000001d5fc7223d0
}

Java Threads: ( => current thread )
  0x000001d5fa945da0 JavaThread "Reference Handler" daemon [_thread_blocked, id=2208, stack(0x0000000589b00000,0x0000000589c00000)]
  0x000001d5fa946c10 JavaThread "Finalizer" daemon [_thread_blocked, id=10996, stack(0x0000000589c00000,0x0000000589d00000)]
  0x000001d5fa95a8f0 JavaThread "Signal Dispatcher" daemon [_thread_blocked, id=9572, stack(0x0000000589d00000,0x0000000589e00000)]
  0x000001d5fa95b3b0 JavaThread "Attach Listener" daemon [_thread_blocked, id=6876, stack(0x0000000589e00000,0x0000000589f00000)]
  0x000001d5fa95f530 JavaThread "Service Thread" daemon [_thread_blocked, id=9508, stack(0x0000000589f00000,0x000000058a000000)]
  0x000001d5fa95fdf0 JavaThread "Monitor Deflation Thread" daemon [_thread_blocked, id=6312, stack(0x000000058a000000,0x000000058a100000)]
=>0x000001d5fa960a90 JavaThread "C2 CompilerThread0" daemon [_thread_in_native, id=10892, stack(0x000000058a100000,0x000000058a200000)]
  0x000001d5fa962f30 JavaThread "C1 CompilerThread0" daemon [_thread_blocked, id=2176, stack(0x000000058a200000,0x000000058a300000)]
  0x000001d5fa969cf0 JavaThread "Sweeper thread" daemon [_thread_blocked, id=10904, stack(0x000000058a300000,0x000000058a400000)]
  0x000001d5fb46b690 JavaThread "Common-Cleaner" daemon [_thread_blocked, id=8904, stack(0x000000058a400000,0x000000058a500000)]
  0x000001d5fb7f9810 JavaThread "Monitor Ctrl-Break" daemon [_thread_in_native, id=6244, stack(0x000000058a500000,0x000000058a600000)]
  0x000001d5fbad06e0 JavaThread "Notification Thread" daemon [_thread_blocked, id=6836, stack(0x000000058a600000,0x000000058a700000)]
  0x000001d5fc19aec0 JavaThread "mysql-cj-abandoned-connection-cleanup" daemon [_thread_blocked, id=3548, stack(0x000000058ad00000,0x000000058ae00000)]
  0x000001d5fc19c6d0 JavaThread "Live Reload Server" daemon [_thread_in_native, id=10344, stack(0x000000058b500000,0x000000058b600000)]
  0x000001d5fc19f6f0 JavaThread "DestroyJavaVM" [_thread_blocked, id=2588, stack(0x0000000589400000,0x0000000589500000)]
  0x000001d5fc720bc0 JavaThread "File Watcher" daemon [_thread_blocked, id=9672, stack(0x0000000589300000,0x0000000589400000)]
  0x000001d5fc198d10 JavaThread "HikariPool-7 housekeeper" daemon [_thread_blocked, id=1836, stack(0x000000058ae00000,0x000000058af00000)]
  0x000001d5fc1a0090 JavaThread "Catalina-utility-1" [_thread_blocked, id=13220, stack(0x000000058b000000,0x000000058b100000)]
  0x000001d5fc19a520 JavaThread "Catalina-utility-2" [_thread_blocked, id=11124, stack(0x000000058b100000,0x000000058b200000)]
  0x000001d5fc19d540 JavaThread "container-1" [_thread_blocked, id=13684, stack(0x000000058b200000,0x000000058b300000)]
  0x000001d5fc19e880 JavaThread "File Watcher" daemon [_thread_blocked, id=12940, stack(0x000000058ab00000,0x000000058ac00000)]
  0x000001d5fc19da10 JavaThread "http-nio-8080-exec-1" daemon [_thread_blocked, id=10424, stack(0x000000058af00000,0x000000058b000000)]
  0x000001d5fc19a050 JavaThread "http-nio-8080-exec-2" daemon [_thread_blocked, id=12420, stack(0x000000058b300000,0x000000058b400000)]
  0x000001d5fc19e3b0 JavaThread "http-nio-8080-exec-3" daemon [_thread_blocked, id=8928, stack(0x000000058b400000,0x000000058b500000)]
  0x000001d5fc19ed50 JavaThread "http-nio-8080-exec-4" daemon [_thread_blocked, id=1064, stack(0x000000058b600000,0x000000058b700000)]
  0x000001d5fc19b860 JavaThread "http-nio-8080-exec-5" daemon [_thread_blocked, id=14160, stack(0x000000058b700000,0x000000058b800000)]
  0x000001d5fc19bd30 JavaThread "http-nio-8080-exec-6" daemon [_thread_blocked, id=5812, stack(0x000000058b800000,0x000000058b900000)]
  0x000001d5fc19c200 JavaThread "http-nio-8080-exec-7" daemon [_thread_blocked, id=4712, stack(0x000000058b900000,0x000000058ba00000)]
  0x000001d5fc19cba0 JavaThread "http-nio-8080-exec-8" daemon [_thread_blocked, id=10860, stack(0x000000058ba00000,0x000000058bb00000)]
  0x000001d5fc721560 JavaThread "http-nio-8080-exec-9" daemon [_thread_in_Java, id=13420, stack(0x000000058bb00000,0x000000058bc00000)]
  0x000001d5fc71c860 JavaThread "http-nio-8080-exec-10" daemon [_thread_blocked, id=1564, stack(0x000000058bc00000,0x000000058bd00000)]
  0x000001d5fc71f880 JavaThread "http-nio-8080-Poller" daemon [_thread_in_native, id=7976, stack(0x000000058bd00000,0x000000058be00000)]
  0x000001d5fc7223d0 JavaThread "http-nio-8080-Acceptor" daemon [_thread_in_native, id=6296, stack(0x000000058be00000,0x000000058bf00000)]

Other Threads:
  0x000001d5fa940140 VMThread "VM Thread" [stack: 0x0000000589a00000,0x0000000589b00000] [id=10628]
  0x000001d5fbc13350 WatcherThread [stack: 0x000000058a700000,0x000000058a800000] [id=11140]
  0x000001d5eca866b0 GCTaskThread "GC Thread#0" [stack: 0x0000000589500000,0x0000000589600000] [id=6416]
  0x000001d5fbcd5c30 GCTaskThread "GC Thread#1" [stack: 0x000000058a800000,0x000000058a900000] [id=6556]
  0x000001d5fbce6300 GCTaskThread "GC Thread#2" [stack: 0x000000058a900000,0x000000058aa00000] [id=9864]
  0x000001d5fbce69c0 GCTaskThread "GC Thread#3" [stack: 0x000000058aa00000,0x000000058ab00000] [id=5960]
  0x000001d5eca95430 ConcurrentGCThread "G1 Main Marker" [stack: 0x0000000589600000,0x0000000589700000] [id=9156]
  0x000001d5eca95e40 ConcurrentGCThread "G1 Conc#0" [stack: 0x0000000589700000,0x0000000589800000] [id=2028]
  0x000001d5ecafb5e0 ConcurrentGCThread "G1 Refine#0" [stack: 0x0000000589800000,0x0000000589900000] [id=6748]
  0x000001d5ecafc000 ConcurrentGCThread "G1 Service" [stack: 0x0000000589900000,0x0000000589a00000] [id=9480]

Threads with active compile tasks:
C2 CompilerThread0  41817669 17218       4       org.hibernate.sql.results.jdbc.internal.DeferredResultSetAccess::release (80 bytes)

VM state: not at safepoint (normal execution)

VM Mutex/Monitor currently owned by a thread: None

Heap address: 0x0000000090e00000, size: 1778 MB, Compressed Oops mode: 32-bit

CDS archive(s) mapped at: [0x0000000800000000-0x0000000800bd0000-0x0000000800bd0000), size 12386304, SharedBaseAddress: 0x0000000800000000, ArchiveRelocationMode: 0.
Compressed class space mapped at: 0x0000000800c00000-0x0000000840c00000, reserved size: 1073741824
Narrow klass base: 0x0000000800000000, Narrow klass shift: 0, Narrow klass range: 0x100000000

GC Precious Log:
 CPUs: 4 total, 4 available
 Memory: 7109M
 Large Page Support: Disabled
 NUMA Support: Disabled
 Compressed Oops: Enabled (32-bit)
 Heap Region Size: 1M
 Heap Min Capacity: 8M
 Heap Initial Capacity: 112M
 Heap Max Capacity: 1778M
 Pre-touch: Disabled
 Parallel Workers: 4
 Concurrent Workers: 1
 Concurrent Refinement Workers: 4
 Periodic GC: Disabled

Heap:
 garbage-first heap   total 119808K, used 63940K [0x0000000090e00000, 0x0000000100000000)
  region size 1024K, 33 young (33792K), 1 survivors (1024K)
 Metaspace       used 77447K, committed 79680K, reserved 1122304K
  class space    used 9641K, committed 10176K, reserved 1048576K

Heap Regions: E=young(eden), S=young(survivor), O=old, HS=humongous(starts), HC=humongous(continues), CS=collection set, F=free, OA=open archive, CA=closed archive, TAMS=top-at-mark-start (previous, next)
|   0|0x0000000090e00000, 0x0000000090f00000, 0x0000000090f00000|100%|HS|  |TAMS 0x0000000090f00000, 0x0000000090e00000| Complete 
|   1|0x0000000090f00000, 0x0000000090fffff0, 0x0000000091000000| 99%| O|  |TAMS 0x0000000090fffff0, 0x0000000090f00000| Untracked 
|   2|0x0000000091000000, 0x0000000091100000, 0x0000000091100000|100%| O|  |TAMS 0x0000000091100000, 0x0000000091000000| Untracked 
|   3|0x0000000091100000, 0x0000000091200000, 0x0000000091200000|100%| O|  |TAMS 0x0000000091200000, 0x0000000091100000| Untracked 
|   4|0x0000000091200000, 0x00000000912ffff8, 0x0000000091300000| 99%| O|  |TAMS 0x00000000912ffff8, 0x0000000091200000| Untracked 
|   5|0x0000000091300000, 0x0000000091400000, 0x0000000091400000|100%| O|  |TAMS 0x0000000091400000, 0x0000000091300000| Untracked 
|   6|0x0000000091400000, 0x00000000914fffe8, 0x0000000091500000| 99%| O|  |TAMS 0x00000000914fffe8, 0x0000000091400000| Untracked 
|   7|0x0000000091500000, 0x0000000091600000, 0x0000000091600000|100%| O|  |TAMS 0x0000000091600000, 0x0000000091500000| Untracked 
|   8|0x0000000091600000, 0x0000000091700000, 0x0000000091700000|100%| O|  |TAMS 0x0000000091700000, 0x0000000091600000| Untracked 
|   9|0x0000000091700000, 0x00000000917ffff0, 0x0000000091800000| 99%| O|  |TAMS 0x00000000917ffff0, 0x0000000091700000| Untracked 
|  10|0x0000000091800000, 0x00000000918ffff8, 0x0000000091900000| 99%| O|  |TAMS 0x00000000918ffff8, 0x0000000091800000| Untracked 
|  11|0x0000000091900000, 0x00000000919ffff8, 0x0000000091a00000| 99%| O|  |TAMS 0x00000000919ffff8, 0x0000000091900000| Untracked 
|  12|0x0000000091a00000, 0x0000000091afab30, 0x0000000091b00000| 97%| O|  |TAMS 0x0000000091afab30, 0x0000000091a00000| Untracked 
|  13|0x0000000091b00000, 0x0000000091bfffc0, 0x0000000091c00000| 99%| O|  |TAMS 0x0000000091bfffc0, 0x0000000091b00000| Untracked 
|  14|0x0000000091c00000, 0x0000000091cfffe8, 0x0000000091d00000| 99%| O|  |TAMS 0x0000000091cfffe8, 0x0000000091c00000| Untracked 
|  15|0x0000000091d00000, 0x0000000091dffff8, 0x0000000091e00000| 99%| O|  |TAMS 0x0000000091dffff8, 0x0000000091d00000| Untracked 
|  16|0x0000000091e00000, 0x0000000091effff0, 0x0000000091f00000| 99%| O|  |TAMS 0x0000000091effff0, 0x0000000091e00000| Untracked 
|  17|0x0000000091f00000, 0x0000000091ffffe0, 0x0000000092000000| 99%| O|  |TAMS 0x0000000091ffffe0, 0x0000000091f00000| Untracked 
|  18|0x0000000092000000, 0x00000000920ffff8, 0x0000000092100000| 99%| O|  |TAMS 0x00000000920ffff8, 0x0000000092000000| Untracked 
|  19|0x0000000092100000, 0x00000000921ffff8, 0x0000000092200000| 99%| O|  |TAMS 0x00000000921ffff8, 0x0000000092100000| Untracked 
|  20|0x0000000092200000, 0x00000000922ffff0, 0x0000000092300000| 99%| O|  |TAMS 0x00000000922ffff0, 0x0000000092200000| Untracked 
|  21|0x0000000092300000, 0x0000000092300000, 0x0000000092400000|  0%| F|  |TAMS 0x0000000092300000, 0x0000000092300000| Untracked 
|  22|0x0000000092400000, 0x0000000092500000, 0x0000000092500000|100%| O|  |TAMS 0x0000000092500000, 0x0000000092400000| Untracked 
|  23|0x0000000092500000, 0x0000000092600000, 0x0000000092600000|100%| O|  |TAMS 0x0000000092600000, 0x0000000092500000| Untracked 
|  24|0x0000000092600000, 0x000000009264de00, 0x0000000092700000| 30%| O|  |TAMS 0x0000000092600000, 0x0000000092600000| Untracked 
|  25|0x0000000092700000, 0x0000000092800000, 0x0000000092800000|100%| O|  |TAMS 0x0000000092782200, 0x0000000092700000| Untracked 
|  26|0x0000000092800000, 0x0000000092800000, 0x0000000092900000|  0%| F|  |TAMS 0x0000000092800000, 0x0000000092800000| Untracked 
|  27|0x0000000092900000, 0x0000000092a00000, 0x0000000092a00000|100%| O|  |TAMS 0x0000000092a00000, 0x0000000092900000| Untracked 
|  28|0x0000000092a00000, 0x0000000092b00000, 0x0000000092b00000|100%| O|  |TAMS 0x0000000092b00000, 0x0000000092a00000| Untracked 
|  29|0x0000000092b00000, 0x0000000092b00000, 0x0000000092c00000|  0%| F|  |TAMS 0x0000000092b00000, 0x0000000092b00000| Untracked 
|  30|0x0000000092c00000, 0x0000000092d00000, 0x0000000092d00000|100%| O|  |TAMS 0x0000000092d00000, 0x0000000092c00000| Untracked 
|  31|0x0000000092d00000, 0x0000000092d00000, 0x0000000092e00000|  0%| F|  |TAMS 0x0000000092d00000, 0x0000000092d00000| Untracked 
|  32|0x0000000092e00000, 0x0000000092e00000, 0x0000000092f00000|  0%| F|  |TAMS 0x0000000092e00000, 0x0000000092e00000| Untracked 
|  33|0x0000000092f00000, 0x0000000093000000, 0x0000000093000000|100%| O|  |TAMS 0x0000000093000000, 0x0000000092f00000| Untracked 
|  34|0x0000000093000000, 0x0000000093100000, 0x0000000093100000|100%| O|  |TAMS 0x0000000093100000, 0x0000000093000000| Untracked 
|  35|0x0000000093100000, 0x0000000093100000, 0x0000000093200000|  0%| F|  |TAMS 0x0000000093100000, 0x0000000093100000| Untracked 
|  36|0x0000000093200000, 0x0000000093300000, 0x0000000093300000|100%| O|  |TAMS 0x0000000093300000, 0x0000000093200000| Untracked 
|  37|0x0000000093300000, 0x0000000093400000, 0x0000000093400000|100%| O|  |TAMS 0x0000000093400000, 0x0000000093300000| Untracked 
|  38|0x0000000093400000, 0x0000000093500000, 0x0000000093500000|100%| O|  |TAMS 0x0000000093500000, 0x0000000093400000| Untracked 
|  39|0x0000000093500000, 0x0000000093500000, 0x0000000093600000|  0%| F|  |TAMS 0x0000000093500000, 0x0000000093500000| Untracked 
|  40|0x0000000093600000, 0x0000000093600000, 0x0000000093700000|  0%| F|  |TAMS 0x0000000093600000, 0x0000000093600000| Untracked 
|  41|0x0000000093700000, 0x0000000093700000, 0x0000000093800000|  0%| F|  |TAMS 0x0000000093700000, 0x0000000093700000| Untracked 
|  42|0x0000000093800000, 0x0000000093800000, 0x0000000093900000|  0%| F|  |TAMS 0x0000000093800000, 0x0000000093800000| Untracked 
|  43|0x0000000093900000, 0x0000000093900000, 0x0000000093a00000|  0%| F|  |TAMS 0x0000000093900000, 0x0000000093900000| Untracked 
|  44|0x0000000093a00000, 0x0000000093a00000, 0x0000000093b00000|  0%| F|  |TAMS 0x0000000093a00000, 0x0000000093a00000| Untracked 
|  45|0x0000000093b00000, 0x0000000093b00000, 0x0000000093c00000|  0%| F|  |TAMS 0x0000000093b00000, 0x0000000093b00000| Untracked 
|  46|0x0000000093c00000, 0x0000000093c00000, 0x0000000093d00000|  0%| F|  |TAMS 0x0000000093c00000, 0x0000000093c00000| Untracked 
|  47|0x0000000093d00000, 0x0000000093d28ac0, 0x0000000093e00000| 15%| S|CS|TAMS 0x0000000093d00000, 0x0000000093d00000| Complete 
|  48|0x0000000093e00000, 0x0000000093e00000, 0x0000000093f00000|  0%| F|  |TAMS 0x0000000093e00000, 0x0000000093e00000| Untracked 
|  49|0x0000000093f00000, 0x0000000093f00000, 0x0000000094000000|  0%| F|  |TAMS 0x0000000093f00000, 0x0000000093f00000| Untracked 
|  50|0x0000000094000000, 0x0000000094000000, 0x0000000094100000|  0%| F|  |TAMS 0x0000000094000000, 0x0000000094000000| Untracked 
|  51|0x0000000094100000, 0x0000000094100000, 0x0000000094200000|  0%| F|  |TAMS 0x0000000094100000, 0x0000000094100000| Untracked 
|  52|0x0000000094200000, 0x0000000094200000, 0x0000000094300000|  0%| F|  |TAMS 0x0000000094200000, 0x0000000094200000| Untracked 
|  53|0x0000000094300000, 0x0000000094300000, 0x0000000094400000|  0%| F|  |TAMS 0x0000000094300000, 0x0000000094300000| Untracked 
|  54|0x0000000094400000, 0x0000000094400000, 0x0000000094500000|  0%| F|  |TAMS 0x0000000094400000, 0x0000000094400000| Untracked 
|  55|0x0000000094500000, 0x0000000094500000, 0x0000000094600000|  0%| F|  |TAMS 0x0000000094500000, 0x0000000094500000| Untracked 
|  56|0x0000000094600000, 0x0000000094600000, 0x0000000094700000|  0%| F|  |TAMS 0x0000000094600000, 0x0000000094600000| Untracked 
|  57|0x0000000094700000, 0x0000000094700000, 0x0000000094800000|  0%| F|  |TAMS 0x0000000094700000, 0x0000000094700000| Untracked 
|  58|0x0000000094800000, 0x0000000094800000, 0x0000000094900000|  0%| F|  |TAMS 0x0000000094800000, 0x0000000094800000| Untracked 
|  59|0x0000000094900000, 0x0000000094900000, 0x0000000094a00000|  0%| F|  |TAMS 0x0000000094900000, 0x0000000094900000| Untracked 
|  60|0x0000000094a00000, 0x0000000094a00000, 0x0000000094b00000|  0%| F|  |TAMS 0x0000000094a00000, 0x0000000094a00000| Untracked 
|  61|0x0000000094b00000, 0x0000000094b00000, 0x0000000094c00000|  0%| F|  |TAMS 0x0000000094b00000, 0x0000000094b00000| Untracked 
|  62|0x0000000094c00000, 0x0000000094c00000, 0x0000000094d00000|  0%| F|  |TAMS 0x0000000094c00000, 0x0000000094c00000| Untracked 
|  63|0x0000000094d00000, 0x0000000094d00000, 0x0000000094e00000|  0%| F|  |TAMS 0x0000000094d00000, 0x0000000094d00000| Untracked 
|  64|0x0000000094e00000, 0x0000000094e00000, 0x0000000094f00000|  0%| F|  |TAMS 0x0000000094e00000, 0x0000000094e00000| Untracked 
|  65|0x0000000094f00000, 0x0000000094f00000, 0x0000000095000000|  0%| F|  |TAMS 0x0000000094f00000, 0x0000000094f00000| Untracked 
|  66|0x0000000095000000, 0x0000000095000000, 0x0000000095100000|  0%| F|  |TAMS 0x0000000095000000, 0x0000000095000000| Untracked 
|  67|0x0000000095100000, 0x0000000095100000, 0x0000000095200000|  0%| F|  |TAMS 0x0000000095100000, 0x0000000095100000| Untracked 
|  68|0x0000000095200000, 0x0000000095200000, 0x0000000095300000|  0%| F|  |TAMS 0x0000000095200000, 0x0000000095200000| Untracked 
|  69|0x0000000095300000, 0x0000000095300000, 0x0000000095400000|  0%| F|  |TAMS 0x0000000095300000, 0x0000000095300000| Untracked 
|  70|0x0000000095400000, 0x0000000095400000, 0x0000000095500000|  0%| F|  |TAMS 0x0000000095400000, 0x0000000095400000| Untracked 
|  71|0x0000000095500000, 0x0000000095500000, 0x0000000095600000|  0%| F|  |TAMS 0x0000000095500000, 0x0000000095500000| Untracked 
|  72|0x0000000095600000, 0x0000000095600000, 0x0000000095700000|  0%| F|  |TAMS 0x0000000095600000, 0x0000000095600000| Untracked 
|  73|0x0000000095700000, 0x0000000095700000, 0x0000000095800000|  0%| F|  |TAMS 0x0000000095700000, 0x0000000095700000| Untracked 
|  74|0x0000000095800000, 0x0000000095800000, 0x0000000095900000|  0%| F|  |TAMS 0x0000000095800000, 0x0000000095800000| Untracked 
|  75|0x0000000095900000, 0x0000000095900000, 0x0000000095a00000|  0%| F|  |TAMS 0x0000000095900000, 0x0000000095900000| Untracked 
|  76|0x0000000095a00000, 0x0000000095a00000, 0x0000000095b00000|  0%| F|  |TAMS 0x0000000095a00000, 0x0000000095a00000| Untracked 
|  77|0x0000000095b00000, 0x0000000095b00000, 0x0000000095c00000|  0%| F|  |TAMS 0x0000000095b00000, 0x0000000095b00000| Untracked 
|  78|0x0000000095c00000, 0x0000000095c00000, 0x0000000095d00000|  0%| F|  |TAMS 0x0000000095c00000, 0x0000000095c00000| Untracked 
|  79|0x0000000095d00000, 0x0000000095d00000, 0x0000000095e00000|  0%| F|  |TAMS 0x0000000095d00000, 0x0000000095d00000| Untracked 
|  80|0x0000000095e00000, 0x0000000095e00000, 0x0000000095f00000|  0%| F|  |TAMS 0x0000000095e00000, 0x0000000095e00000| Untracked 
|  81|0x0000000095f00000, 0x0000000095f00000, 0x0000000096000000|  0%| F|  |TAMS 0x0000000095f00000, 0x0000000095f00000| Untracked 
|  82|0x0000000096000000, 0x0000000096000000, 0x0000000096100000|  0%| F|  |TAMS 0x0000000096000000, 0x0000000096000000| Untracked 
|  83|0x0000000096100000, 0x0000000096100000, 0x0000000096200000|  0%| F|  |TAMS 0x0000000096100000, 0x0000000096100000| Untracked 
|  84|0x0000000096200000, 0x0000000096200000, 0x0000000096300000|  0%| F|  |TAMS 0x0000000096200000, 0x0000000096200000| Untracked 
|  85|0x0000000096300000, 0x00000000963dace8, 0x0000000096400000| 85%| E|  |TAMS 0x0000000096300000, 0x0000000096300000| Complete 
|  86|0x0000000096400000, 0x0000000096500000, 0x0000000096500000|100%| E|CS|TAMS 0x0000000096400000, 0x0000000096400000| Complete 
|  87|0x0000000096500000, 0x0000000096600000, 0x0000000096600000|100%| E|CS|TAMS 0x0000000096500000, 0x0000000096500000| Complete 
|  88|0x0000000096600000, 0x0000000096700000, 0x0000000096700000|100%| E|CS|TAMS 0x0000000096600000, 0x0000000096600000| Complete 
|  89|0x0000000096700000, 0x0000000096800000, 0x0000000096800000|100%| E|CS|TAMS 0x0000000096700000, 0x0000000096700000| Complete 
|  90|0x0000000096800000, 0x0000000096900000, 0x0000000096900000|100%| E|CS|TAMS 0x0000000096800000, 0x0000000096800000| Complete 
|  91|0x0000000096900000, 0x0000000096a00000, 0x0000000096a00000|100%| E|CS|TAMS 0x0000000096900000, 0x0000000096900000| Complete 
|  92|0x0000000096a00000, 0x0000000096b00000, 0x0000000096b00000|100%| E|CS|TAMS 0x0000000096a00000, 0x0000000096a00000| Complete 
|  93|0x0000000096b00000, 0x0000000096c00000, 0x0000000096c00000|100%| E|CS|TAMS 0x0000000096b00000, 0x0000000096b00000| Complete 
|  94|0x0000000096c00000, 0x0000000096d00000, 0x0000000096d00000|100%| E|CS|TAMS 0x0000000096c00000, 0x0000000096c00000| Complete 
|  95|0x0000000096d00000, 0x0000000096e00000, 0x0000000096e00000|100%| E|CS|TAMS 0x0000000096d00000, 0x0000000096d00000| Complete 
|  96|0x0000000096e00000, 0x0000000096f00000, 0x0000000096f00000|100%| E|CS|TAMS 0x0000000096e00000, 0x0000000096e00000| Complete 
|  97|0x0000000096f00000, 0x0000000097000000, 0x0000000097000000|100%| E|CS|TAMS 0x0000000096f00000, 0x0000000096f00000| Complete 
|  98|0x0000000097000000, 0x0000000097100000, 0x0000000097100000|100%| E|CS|TAMS 0x0000000097000000, 0x0000000097000000| Complete 
|  99|0x0000000097100000, 0x0000000097200000, 0x0000000097200000|100%| E|CS|TAMS 0x0000000097100000, 0x0000000097100000| Complete 
| 100|0x0000000097200000, 0x0000000097300000, 0x0000000097300000|100%| E|CS|TAMS 0x0000000097200000, 0x0000000097200000| Complete 
| 101|0x0000000097300000, 0x0000000097400000, 0x0000000097400000|100%| E|CS|TAMS 0x0000000097300000, 0x0000000097300000| Complete 
| 102|0x0000000097400000, 0x0000000097500000, 0x0000000097500000|100%| E|CS|TAMS 0x0000000097400000, 0x0000000097400000| Complete 
| 103|0x0000000097500000, 0x0000000097600000, 0x0000000097600000|100%| E|CS|TAMS 0x0000000097500000, 0x0000000097500000| Complete 
| 104|0x0000000097600000, 0x0000000097700000, 0x0000000097700000|100%| E|CS|TAMS 0x0000000097600000, 0x0000000097600000| Complete 
| 105|0x0000000097700000, 0x0000000097800000, 0x0000000097800000|100%| E|CS|TAMS 0x0000000097700000, 0x0000000097700000| Complete 
| 106|0x0000000097800000, 0x0000000097900000, 0x0000000097900000|100%| E|CS|TAMS 0x0000000097800000, 0x0000000097800000| Complete 
| 107|0x0000000097900000, 0x0000000097a00000, 0x0000000097a00000|100%| E|CS|TAMS 0x0000000097900000, 0x0000000097900000| Complete 
| 108|0x0000000097a00000, 0x0000000097b00000, 0x0000000097b00000|100%| E|  |TAMS 0x0000000097a00000, 0x0000000097a00000| Complete 
| 109|0x0000000097b00000, 0x0000000097c00000, 0x0000000097c00000|100%| E|CS|TAMS 0x0000000097b00000, 0x0000000097b00000| Complete 
| 110|0x0000000097c00000, 0x0000000097d00000, 0x0000000097d00000|100%| E|CS|TAMS 0x0000000097c00000, 0x0000000097c00000| Complete 
| 111|0x0000000097d00000, 0x0000000097e00000, 0x0000000097e00000|100%| E|CS|TAMS 0x0000000097d00000, 0x0000000097d00000| Complete 
| 112|0x0000000097e00000, 0x0000000097f00000, 0x0000000097f00000|100%| E|CS|TAMS 0x0000000097e00000, 0x0000000097e00000| Complete 
| 113|0x0000000097f00000, 0x0000000098000000, 0x0000000098000000|100%| E|CS|TAMS 0x0000000097f00000, 0x0000000097f00000| Complete 
| 114|0x0000000098000000, 0x0000000098100000, 0x0000000098100000|100%| E|CS|TAMS 0x0000000098000000, 0x0000000098000000| Complete 
| 115|0x0000000098100000, 0x0000000098200000, 0x0000000098200000|100%| E|CS|TAMS 0x0000000098100000, 0x0000000098100000| Complete 
| 173|0x000000009bb00000, 0x000000009bc00000, 0x000000009bc00000|100%| E|CS|TAMS 0x000000009bb00000, 0x000000009bb00000| Complete 

Card table byte_map: [0x000001d5f4630000,0x000001d5f49b0000] _byte_map_base: 0x000001d5f41a9000

Marking Bits (Prev, Next): (CMBitMap*) 0x000001d5eca86d00, (CMBitMap*) 0x000001d5eca86cc0
 Prev Bits: [0x000001d5f6900000, 0x000001d5f84c8000)
 Next Bits: [0x000001d5f4d30000, 0x000001d5f68f8000)

Polling page: 0x000001d5ec200000

Metaspace:

Usage:
  Non-class:     66.22 MB used.
      Class:      9.42 MB used.
       Both:     75.63 MB used.

Virtual space:
  Non-class space:       72.00 MB reserved,      67.88 MB ( 94%) committed,  9 nodes.
      Class space:        1.00 GB reserved,       9.94 MB ( <1%) committed,  1 nodes.
             Both:        1.07 GB reserved,      77.81 MB (  7%) committed. 

Chunk freelists:
   Non-Class:  5.05 MB
       Class:  2.25 MB
        Both:  7.30 MB

MaxMetaspaceSize: unlimited
CompressedClassSpaceSize: 1.00 GB
Initial GC threshold: 21.00 MB
Current GC threshold: 129.94 MB
CDS: on
MetaspaceReclaimPolicy: balanced
 - commit_granule_bytes: 65536.
 - commit_granule_words: 8192.
 - virtual_space_node_default_size: 1048576.
 - enlarge_chunks_in_place: 1.
 - new_chunks_are_fully_committed: 0.
 - uncommit_free_chunks: 1.
 - use_allocation_guard: 0.
 - handle_deallocations: 1.


Internal statistics:

num_allocs_failed_limit: 9.
num_arena_births: 1266.
num_arena_deaths: 518.
num_vsnodes_births: 10.
num_vsnodes_deaths: 0.
num_space_committed: 1249.
num_space_uncommitted: 4.
num_chunks_returned_to_freelist: 790.
num_chunks_taken_from_freelist: 4667.
num_chunk_merges: 204.
num_chunk_splits: 3011.
num_chunks_enlarged: 2130.
num_purges: 42.
num_inconsistent_stats: 0.

CodeHeap 'non-profiled nmethods': size=120000Kb used=15745Kb max_used=15745Kb free=104254Kb
 bounds [0x000001d587ad0000, 0x000001d588a40000, 0x000001d58f000000]
CodeHeap 'profiled nmethods': size=120000Kb used=24765Kb max_used=29940Kb free=95234Kb
 bounds [0x000001d580000000, 0x000001d581d40000, 0x000001d587530000]
CodeHeap 'non-nmethods': size=5760Kb used=1343Kb max_used=1403Kb free=4416Kb
 bounds [0x000001d587530000, 0x000001d5877a0000, 0x000001d587ad0000]
 total_blobs=14228 nmethods=13555 adapters=585
 compilation: enabled
              stopped_count=0, restarted_count=0
 full_count=0

Compilation events (20 events):
Event: 41798.786 Thread 0x000001d5fa960a90 17209       4       com.mysql.cj.result.ZonedDateTimeValueFactory::<init> (16 bytes)
Event: 41798.788 Thread 0x000001d5fe96c550 nmethod 17208 0x000001d588a27590 code [0x000001d588a27760, 0x000001d588a27d78]
Event: 41798.813 Thread 0x000001d5fa960a90 nmethod 17209 0x000001d588a28290 code [0x000001d588a28460, 0x000001d588a28a78]
Event: 41807.914 Thread 0x000001d5fa960a90 17210       4       org.springframework.data.jpa.repository.query.AbstractJpaQuery$TupleConverter::<init> (35 bytes)
Event: 41807.920 Thread 0x000001d5fa960a90 nmethod 17210 0x000001d588a28f90 code [0x000001d588a29120, 0x000001d588a29398]
Event: 41815.248 Thread 0x000001d5fa962f30 17211       3       java.util.concurrent.Semaphore::<init> (17 bytes)
Event: 41815.249 Thread 0x000001d5fa962f30 nmethod 17211 0x000001d580136710 code [0x000001d5801368e0, 0x000001d580136d18]
Event: 41815.249 Thread 0x000001d5fa962f30 17212       3       java.util.concurrent.Semaphore$NonfairSync::<init> (6 bytes)
Event: 41815.250 Thread 0x000001d5fa962f30 nmethod 17212 0x000001d5801e4110 code [0x000001d5801e42c0, 0x000001d5801e4558]
Event: 41815.250 Thread 0x000001d5fa962f30 17213       3       java.util.concurrent.Semaphore$Sync::<init> (10 bytes)
Event: 41815.250 Thread 0x000001d5fa962f30 nmethod 17213 0x000001d580255790 code [0x000001d580255940, 0x000001d580255b78]
Event: 41815.250 Thread 0x000001d5fa962f30 17214   !   3       sun.nio.ch.SocketChannelImpl::setOption (185 bytes)
Event: 41815.256 Thread 0x000001d5fa962f30 nmethod 17214 0x000001d580c88710 code [0x000001d580c88b60, 0x000001d580c8a998]
Event: 41815.256 Thread 0x000001d5fa962f30 17215       3       sun.nio.ch.SocketChannelImpl::supportedOptions (15 bytes)
Event: 41815.257 Thread 0x000001d5fa962f30 nmethod 17215 0x000001d5805c7b10 code [0x000001d5805c7cc0, 0x000001d5805c7f18]
Event: 41816.801 Thread 0x000001d5fa960a90 17216   !   4       org.springframework.data.jpa.repository.support.CrudMethodMetadataPostProcessor$CrudMethodMetadataPopulatingMethodInterceptor::invoke (183 bytes)
Event: 41817.164 Thread 0x000001d5fa960a90 nmethod 17216 0x000001d588a29490 code [0x000001d588a29880, 0x000001d588a2c400]
Event: 41817.164 Thread 0x000001d5fa960a90 17217       4       org.springframework.data.repository.core.support.QueryExecutorMethodInterceptor::invoke (48 bytes)
Event: 41817.303 Thread 0x000001d5fa960a90 nmethod 17217 0x000001d588a2e210 code [0x000001d588a2e4a0, 0x000001d588a2f780]
Event: 41817.303 Thread 0x000001d5fa960a90 17218       4       org.hibernate.sql.results.jdbc.internal.DeferredResultSetAccess::release (80 bytes)

GC Heap History (20 events):
Event: 41776.881 GC heap before
{Heap before GC invocations=287 (full 5):
 garbage-first heap   total 133120K, used 110961K [0x0000000090e00000, 0x0000000100000000)
  region size 1024K, 78 young (79872K), 1 survivors (1024K)
 Metaspace       used 77444K, committed 79680K, reserved 1122304K
  class space    used 9641K, committed 10176K, reserved 1048576K
}
Event: 41776.884 GC heap after
{Heap after GC invocations=288 (full 5):
 garbage-first heap   total 133120K, used 33154K [0x0000000090e00000, 0x0000000100000000)
  region size 1024K, 1 young (1024K), 1 survivors (1024K)
 Metaspace       used 77444K, committed 79680K, reserved 1122304K
  class space    used 9641K, committed 10176K, reserved 1048576K
}
Event: 41784.708 GC heap before
{Heap before GC invocations=289 (full 5):
 garbage-first heap   total 119808K, used 102786K [0x0000000090e00000, 0x0000000100000000)
  region size 1024K, 70 young (71680K), 1 survivors (1024K)
 Metaspace       used 77444K, committed 79680K, reserved 1122304K
  class space    used 9641K, committed 10176K, reserved 1048576K
}
Event: 41784.714 GC heap after
{Heap after GC invocations=290 (full 5):
 garbage-first heap   total 119808K, used 33167K [0x0000000090e00000, 0x0000000100000000)
  region size 1024K, 1 young (1024K), 1 survivors (1024K)
 Metaspace       used 77444K, committed 79680K, reserved 1122304K
  class space    used 9641K, committed 10176K, reserved 1048576K
}
Event: 41784.988 GC heap before
{Heap before GC invocations=290 (full 5):
 garbage-first heap   total 119808K, used 36239K [0x0000000090e00000, 0x0000000100000000)
  region size 1024K, 5 young (5120K), 1 survivors (1024K)
 Metaspace       used 77444K, committed 79680K, reserved 1122304K
  class space    used 9641K, committed 10176K, reserved 1048576K
}
Event: 41784.992 GC heap after
{Heap after GC invocations=291 (full 5):
 garbage-first heap   total 119808K, used 33156K [0x0000000090e00000, 0x0000000100000000)
  region size 1024K, 1 young (1024K), 1 survivors (1024K)
 Metaspace       used 77444K, committed 79680K, reserved 1122304K
  class space    used 9641K, committed 10176K, reserved 1048576K
}
Event: 41788.234 GC heap before
{Heap before GC invocations=291 (full 5):
 garbage-first heap   total 119808K, used 102788K [0x0000000090e00000, 0x0000000100000000)
  region size 1024K, 70 young (71680K), 1 survivors (1024K)
 Metaspace       used 77444K, committed 79680K, reserved 1122304K
  class space    used 9641K, committed 10176K, reserved 1048576K
}
Event: 41788.238 GC heap after
{Heap after GC invocations=292 (full 5):
 garbage-first heap   total 119808K, used 33167K [0x0000000090e00000, 0x0000000100000000)
  region size 1024K, 1 young (1024K), 1 survivors (1024K)
 Metaspace       used 77444K, committed 79680K, reserved 1122304K
  class space    used 9641K, committed 10176K, reserved 1048576K
}
Event: 41791.713 GC heap before
{Heap before GC invocations=292 (full 5):
 garbage-first heap   total 119808K, used 102799K [0x0000000090e00000, 0x0000000100000000)
  region size 1024K, 70 young (71680K), 1 survivors (1024K)
 Metaspace       used 77444K, committed 79680K, reserved 1122304K
  class space    used 9641K, committed 10176K, reserved 1048576K
}
Event: 41791.716 GC heap after
{Heap after GC invocations=293 (full 5):
 garbage-first heap   total 119808K, used 33159K [0x0000000090e00000, 0x0000000100000000)
  region size 1024K, 1 young (1024K), 1 survivors (1024K)
 Metaspace       used 77444K, committed 79680K, reserved 1122304K
  class space    used 9641K, committed 10176K, reserved 1048576K
}
Event: 41794.765 GC heap before
{Heap before GC invocations=293 (full 5):
 garbage-first heap   total 119808K, used 102791K [0x0000000090e00000, 0x0000000100000000)
  region size 1024K, 70 young (71680K), 1 survivors (1024K)
 Metaspace       used 77444K, committed 79680K, reserved 1122304K
  class space    used 9641K, committed 10176K, reserved 1048576K
}
Event: 41794.769 GC heap after
{Heap after GC invocations=294 (full 5):
 garbage-first heap   total 119808K, used 33173K [0x0000000090e00000, 0x0000000100000000)
  region size 1024K, 1 young (1024K), 1 survivors (1024K)
 Metaspace       used 77444K, committed 79680K, reserved 1122304K
  class space    used 9641K, committed 10176K, reserved 1048576K
}
Event: 41799.029 GC heap before
{Heap before GC invocations=295 (full 5):
 garbage-first heap   total 119808K, used 102805K [0x0000000090e00000, 0x0000000100000000)
  region size 1024K, 70 young (71680K), 1 survivors (1024K)
 Metaspace       used 77444K, committed 79680K, reserved 1122304K
  class space    used 9641K, committed 10176K, reserved 1048576K
}
Event: 41799.033 GC heap after
{Heap after GC invocations=296 (full 5):
 garbage-first heap   total 119808K, used 33170K [0x0000000090e00000, 0x0000000100000000)
  region size 1024K, 1 young (1024K), 1 survivors (1024K)
 Metaspace       used 77444K, committed 79680K, reserved 1122304K
  class space    used 9641K, committed 10176K, reserved 1048576K
}
Event: 41799.437 GC heap before
{Heap before GC invocations=296 (full 5):
 garbage-first heap   total 119808K, used 36242K [0x0000000090e00000, 0x0000000100000000)
  region size 1024K, 5 young (5120K), 1 survivors (1024K)
 Metaspace       used 77444K, committed 79680K, reserved 1122304K
  class space    used 9641K, committed 10176K, reserved 1048576K
}
Event: 41799.449 GC heap after
{Heap after GC invocations=297 (full 5):
 garbage-first heap   total 119808K, used 33181K [0x0000000090e00000, 0x0000000100000000)
  region size 1024K, 1 young (1024K), 1 survivors (1024K)
 Metaspace       used 77444K, committed 79680K, reserved 1122304K
  class space    used 9641K, committed 10176K, reserved 1048576K
}
Event: 41807.097 GC heap before
{Heap before GC invocations=297 (full 5):
 garbage-first heap   total 119808K, used 102813K [0x0000000090e00000, 0x0000000100000000)
  region size 1024K, 70 young (71680K), 1 survivors (1024K)
 Metaspace       used 77444K, committed 79680K, reserved 1122304K
  class space    used 9641K, committed 10176K, reserved 1048576K
}
Event: 41807.100 GC heap after
{Heap after GC invocations=298 (full 5):
 garbage-first heap   total 119808K, used 33278K [0x0000000090e00000, 0x0000000100000000)
  region size 1024K, 1 young (1024K), 1 survivors (1024K)
 Metaspace       used 77444K, committed 79680K, reserved 1122304K
  class space    used 9641K, committed 10176K, reserved 1048576K
}
Event: 41816.406 GC heap before
{Heap before GC invocations=298 (full 5):
 garbage-first heap   total 119808K, used 102910K [0x0000000090e00000, 0x0000000100000000)
  region size 1024K, 70 young (71680K), 1 survivors (1024K)
 Metaspace       used 77447K, committed 79680K, reserved 1122304K
  class space    used 9641K, committed 10176K, reserved 1048576K
}
Event: 41816.408 GC heap after
{Heap after GC invocations=299 (full 5):
 garbage-first heap   total 119808K, used 33220K [0x0000000090e00000, 0x0000000100000000)
  region size 1024K, 1 young (1024K), 1 survivors (1024K)
 Metaspace       used 77447K, committed 79680K, reserved 1122304K
  class space    used 9641K, committed 10176K, reserved 1048576K
}

Deoptimization events (20 events):
Event: 41674.811 Thread 0x000001d5fc19cba0 Uncommon trap: trap_request=0xffffffbe fr.pc=0x000001d588836cd4 relative=0x00000000000003d4
Event: 41674.811 Thread 0x000001d5fc19cba0 Uncommon trap: reason=profile_predicate action=maybe_recompile pc=0x000001d588836cd4 method=org.springframework.web.servlet.resource.PathResourceResolver.getResource(Ljava/lang/String;Ljakarta/servlet/http/HttpServletRequest;Ljava/util/List;)Lorg/springfr
Event: 41674.811 Thread 0x000001d5fc19cba0 DEOPT PACKING pc=0x000001d588836cd4 sp=0x000000058bafbd40
Event: 41674.811 Thread 0x000001d5fc19cba0 DEOPT UNPACKING pc=0x000001d5875823a3 sp=0x000000058bafbcf0 mode 2
Event: 41674.860 Thread 0x000001d5fc19c200 Uncommon trap: trap_request=0xffffffbe fr.pc=0x000001d588836cd4 relative=0x00000000000003d4
Event: 41674.860 Thread 0x000001d5fc19c200 Uncommon trap: reason=profile_predicate action=maybe_recompile pc=0x000001d588836cd4 method=org.springframework.web.servlet.resource.PathResourceResolver.getResource(Ljava/lang/String;Ljakarta/servlet/http/HttpServletRequest;Ljava/util/List;)Lorg/springfr
Event: 41674.860 Thread 0x000001d5fc19c200 DEOPT PACKING pc=0x000001d588836cd4 sp=0x000000058b9fbcc0
Event: 41674.860 Thread 0x000001d5fc19c200 DEOPT UNPACKING pc=0x000001d5875823a3 sp=0x000000058b9fbc70 mode 2
Event: 41674.869 Thread 0x000001d5fc19a050 Uncommon trap: trap_request=0xffffffbe fr.pc=0x000001d588836cd4 relative=0x00000000000003d4
Event: 41674.869 Thread 0x000001d5fc19a050 Uncommon trap: reason=profile_predicate action=maybe_recompile pc=0x000001d588836cd4 method=org.springframework.web.servlet.resource.PathResourceResolver.getResource(Ljava/lang/String;Ljakarta/servlet/http/HttpServletRequest;Ljava/util/List;)Lorg/springfr
Event: 41674.869 Thread 0x000001d5fc19a050 DEOPT PACKING pc=0x000001d588836cd4 sp=0x000000058b3fbe10
Event: 41674.869 Thread 0x000001d5fc19a050 DEOPT UNPACKING pc=0x000001d5875823a3 sp=0x000000058b3fbdc0 mode 2
Event: 41698.980 Thread 0x000001d5fc198d10 Uncommon trap: trap_request=0xffffff5c fr.pc=0x000001d5888573d0 relative=0x0000000000001530
Event: 41698.980 Thread 0x000001d5fc198d10 Uncommon trap: reason=speculate_null_check action=make_not_entrant pc=0x000001d5888573d0 method=java.util.concurrent.locks.AbstractQueuedSynchronizer.enqueue(Ljava/util/concurrent/locks/AbstractQueuedSynchronizer$Node;)V @ 15 c2
Event: 41698.980 Thread 0x000001d5fc198d10 DEOPT PACKING pc=0x000001d5888573d0 sp=0x000000058aeff230
Event: 41698.982 Thread 0x000001d5fc198d10 DEOPT UNPACKING pc=0x000001d5875823a3 sp=0x000000058aeff030 mode 2
Event: 41778.349 Thread 0x000001d5fc71c860 Uncommon trap: trap_request=0xffffffde fr.pc=0x000001d58851d3c8 relative=0x0000000000000fa8
Event: 41778.349 Thread 0x000001d5fc71c860 Uncommon trap: reason=class_check action=maybe_recompile pc=0x000001d58851d3c8 method=org.springframework.util.ConcurrentLruCache.processRead(Lorg/springframework/util/ConcurrentLruCache$Node;)V @ 16 c2
Event: 41778.350 Thread 0x000001d5fc71c860 DEOPT PACKING pc=0x000001d58851d3c8 sp=0x000000058bcfe0b0
Event: 41778.350 Thread 0x000001d5fc71c860 DEOPT UNPACKING pc=0x000001d5875823a3 sp=0x000000058bcfe008 mode 2

Classes unloaded (20 events):
Event: 41678.702 Thread 0x000001d5fa940140 Unloading class 0x0000000800fb0ab8 'com/api/ntc6001/service/impl/IUserImpl'
Event: 41678.702 Thread 0x000001d5fa940140 Unloading class 0x0000000800fb08c0 'com/api/ntc6001/service/IUser'
Event: 41678.702 Thread 0x000001d5fa940140 Unloading class 0x0000000800fb0658 'com/api/ntc6001/service/impl/IPreguntasImpl'
Event: 41678.702 Thread 0x000001d5fa940140 Unloading class 0x0000000800fb0460 'com/api/ntc6001/service/IPreguntas'
Event: 41678.702 Thread 0x000001d5fa940140 Unloading class 0x0000000800fb01f8 'com/api/ntc6001/service/impl/IMypeImpl'
Event: 41678.702 Thread 0x000001d5fa940140 Unloading class 0x0000000800fb0000 'com/api/ntc6001/service/IMype'
Event: 41678.702 Thread 0x000001d5fa940140 Unloading class 0x00000008013e0bc8 'com/api/ntc6001/service/impl/ICuestionarioImpl'
Event: 41678.702 Thread 0x000001d5fa940140 Unloading class 0x00000008013e09d0 'com/api/ntc6001/service/ICuestionario'
Event: 41678.702 Thread 0x000001d5fa940140 Unloading class 0x00000008013e07b0 'com/api/ntc6001/service/AuthenticationService'
Event: 41678.702 Thread 0x000001d5fa940140 Unloading class 0x00000008013e0448 'com/api/ntc6001/filter/JwtRequestFilter'
Event: 41678.702 Thread 0x000001d5fa940140 Unloading class 0x00000008013e0228 'com/api/ntc6001/controller/UsersController'
Event: 41678.702 Thread 0x000001d5fa940140 Unloading class 0x00000008013e0000 'com/api/ntc6001/controller/PreguntasController'
Event: 41678.702 Thread 0x000001d5fa940140 Unloading class 0x00000008012a5478 'com/api/ntc6001/controller/MypeController'
Event: 41678.702 Thread 0x000001d5fa940140 Unloading class 0x00000008012a5230 'com/api/ntc6001/controller/CuestionarioController'
Event: 41678.702 Thread 0x000001d5fa940140 Unloading class 0x00000008012a5000 'com/api/ntc6001/controller/AuthController'
Event: 41678.703 Thread 0x000001d5fa940140 Unloading class 0x00000008013dcc08 'com/api/ntc6001/config/SecurityConfig'
Event: 41678.703 Thread 0x000001d5fa940140 Unloading class 0x00000008013dca00 'com/api/ntc6001/config/CorsConfig'
Event: 41678.703 Thread 0x000001d5fa940140 Unloading class 0x00000008013dc800 'com/api/ntc6001/Ntc6001Application'
Event: 41687.183 Thread 0x000001d5fa940140 Unloading class 0x00000008015bec00 'jdk/internal/reflect/GeneratedConstructorAccessor103'
Event: 41687.183 Thread 0x000001d5fa940140 Unloading class 0x0000000801590c00 'jdk/internal/reflect/GeneratedConstructorAccessor95'

Classes redefined (0 events):
No events

Internal exceptions (20 events):
Event: 39931.087 Thread 0x000001d5fc199b80 Exception <a 'java/lang/NoClassDefFoundError'{0x00000000975034c8}: org/quartz/Scheduler> (0x00000000975034c8) 
thrown [s\open\src\hotspot\share\oops\constantPool.cpp, line 835]
Event: 39931.087 Thread 0x000001d5fc199b80 Exception <a 'java/lang/NoClassDefFoundError'{0x0000000097503b38}: org/springframework/session/jdbc/JdbcIndexedSessionRepository> (0x0000000097503b38) 
thrown [s\open\src\hotspot\share\oops\constantPool.cpp, line 835]
Event: 39931.525 Thread 0x000001d5fc199b80 Exception <a 'sun/nio/fs/WindowsException'{0x0000000095296eb8}> (0x0000000095296eb8) 
thrown [s\open\src\hotspot\share\prims\jni.cpp, line 516]
Event: 39931.528 Thread 0x000001d5fc199b80 Exception <a 'sun/nio/fs/WindowsException'{0x00000000952975a8}> (0x00000000952975a8) 
thrown [s\open\src\hotspot\share\prims\jni.cpp, line 516]
Event: 39931.529 Thread 0x000001d5fc199b80 Exception <a 'sun/nio/fs/WindowsException'{0x0000000095297c88}> (0x0000000095297c88) 
thrown [s\open\src\hotspot\share\prims\jni.cpp, line 516]
Event: 39931.727 Thread 0x000001d5fc199b80 Exception <a 'java/io/FileNotFoundException'{0x00000000952ea288}> (0x00000000952ea288) 
thrown [s\open\src\hotspot\share\prims\jni.cpp, line 516]
Event: 39932.059 Thread 0x000001d5fc199b80 Exception <a 'sun/nio/fs/WindowsException'{0x0000000094b80ce0}> (0x0000000094b80ce0) 
thrown [s\open\src\hotspot\share\prims\jni.cpp, line 516]
Event: 39932.252 Thread 0x000001d5fc199b80 Implicit null exception at 0x000001d588349f15 to 0x000001d58834a418
Event: 39932.543 Thread 0x000001d5fc199b80 Implicit null exception at 0x000001d588246595 to 0x000001d588246a1c
Event: 39932.694 Thread 0x000001d5fc199b80 Implicit null exception at 0x000001d587fd41b1 to 0x000001d587fd4620
Event: 39932.775 Thread 0x000001d5fc199b80 Implicit null exception at 0x000001d587d658f6 to 0x000001d587d65d24
Event: 39934.092 Thread 0x000001d5fc199b80 Exception <a 'java/io/FileNotFoundException'{0x0000000095544b40}> (0x0000000095544b40) 
thrown [s\open\src\hotspot\share\prims\jni.cpp, line 516]
Event: 39937.312 Thread 0x000001d5fc199b80 Implicit null exception at 0x000001d587e8095c to 0x000001d587e85d34
Event: 39938.570 Thread 0x000001d5fc199b80 Exception <a 'sun/nio/fs/WindowsException'{0x0000000094812b48}> (0x0000000094812b48) 
thrown [s\open\src\hotspot\share\prims\jni.cpp, line 516]
Event: 40428.907 Thread 0x000001d5fc19cba0 Implicit null exception at 0x000001d587f60e98 to 0x000001d587f61c1c
Event: 40428.907 Thread 0x000001d5fc19ed50 Implicit null exception at 0x000001d587f60e98 to 0x000001d587f61c1c
Event: 40885.438 Thread 0x000001d5fc721560 Exception <a 'java/lang/NoSuchMethodError'{0x000000009582f4c8}: 'java.lang.Object java.lang.invoke.DirectMethodHandle$Holder.invokeStatic(java.lang.Object, int, int)'> (0x000000009582f4c8) 
thrown [s\open\src\hotspot\share\interpreter\linkResolver.cpp, line 759]
Event: 41664.768 Thread 0x000001d5fc19da10 Implicit null exception at 0x000001d588761bf3 to 0x000001d5887632f8
Event: 41666.107 Thread 0x000001d5fc71c860 Implicit null exception at 0x000001d58865db06 to 0x000001d588662828
Event: 41666.469 Thread 0x000001d5fc19e3b0 Implicit null exception at 0x000001d58865db06 to 0x000001d588662828

VM Operations (20 events):
Event: 41789.250 Executing VM operation: Cleanup
Event: 41789.250 Executing VM operation: Cleanup done
Event: 41791.713 Executing VM operation: G1CollectForAllocation
Event: 41791.717 Executing VM operation: G1CollectForAllocation done
Event: 41794.765 Executing VM operation: G1CollectForAllocation
Event: 41794.769 Executing VM operation: G1CollectForAllocation done
Event: 41794.949 Executing VM operation: G1Concurrent
Event: 41794.972 Executing VM operation: G1Concurrent done
Event: 41795.055 Executing VM operation: G1Concurrent
Event: 41795.056 Executing VM operation: G1Concurrent done
Event: 41799.029 Executing VM operation: G1CollectForAllocation
Event: 41799.033 Executing VM operation: G1CollectForAllocation done
Event: 41799.436 Executing VM operation: G1CollectForAllocation
Event: 41799.449 Executing VM operation: G1CollectForAllocation done
Event: 41807.097 Executing VM operation: G1CollectForAllocation
Event: 41807.101 Executing VM operation: G1CollectForAllocation done
Event: 41816.405 Executing VM operation: G1CollectForAllocation
Event: 41816.408 Executing VM operation: G1CollectForAllocation done
Event: 41817.414 Executing VM operation: Cleanup
Event: 41817.415 Executing VM operation: Cleanup done

Events (20 events):
Event: 41716.581 Thread 0x000001d5fa969cf0 flushing nmethod 0x000001d581bab590
Event: 41716.581 Thread 0x000001d5fa969cf0 flushing nmethod 0x000001d581babd10
Event: 41716.581 Thread 0x000001d5fa969cf0 flushing nmethod 0x000001d581baca10
Event: 41716.581 Thread 0x000001d5fa969cf0 flushing nmethod 0x000001d581bb3810
Event: 41716.582 Thread 0x000001d5fa969cf0 flushing nmethod 0x000001d581c7b110
Event: 41716.583 Thread 0x000001d5fa969cf0 flushing nmethod 0x000001d581c8d010
Event: 41721.631 Thread 0x000001d5fe3fba10 Thread exited: 0x000001d5fe3fba10
Event: 41721.697 Thread 0x000001d5fe3fbee0 Thread exited: 0x000001d5fe3fbee0
Event: 41723.979 Thread 0x000001d5fe3fba10 Thread added: 0x000001d5fe3fba10
Event: 41723.982 Thread 0x000001d5fe3fbee0 Thread added: 0x000001d5fe3fbee0
Event: 41737.135 Thread 0x000001d5fe3fba10 Thread exited: 0x000001d5fe3fba10
Event: 41737.180 Thread 0x000001d5fe3fbee0 Thread exited: 0x000001d5fe3fbee0
Event: 41784.757 Thread 0x000001d5fa969cf0 flushing nmethod 0x000001d580d34810
Event: 41784.758 Thread 0x000001d5fa969cf0 flushing nmethod 0x000001d580d36710
Event: 41784.758 Thread 0x000001d5fa969cf0 flushing nmethod 0x000001d580deb310
Event: 41784.759 Thread 0x000001d5fa969cf0 flushing nmethod 0x000001d580e0f290
Event: 41784.759 Thread 0x000001d5fa969cf0 flushing nmethod 0x000001d580edf090
Event: 41784.760 Thread 0x000001d5fa969cf0 flushing nmethod 0x000001d580f5aa10
Event: 41798.725 Thread 0x000001d5fe96c550 Thread added: 0x000001d5fe96c550
Event: 41803.800 Thread 0x000001d5fe96c550 Thread exited: 0x000001d5fe96c550


Dynamic libraries:
0x00007ff65b250000 - 0x00007ff65b260000 	C:\Program Files\Java\jdk-17\bin\java.exe
0x00007ff8eff70000 - 0x00007ff8f0168000 	C:\Windows\SYSTEM32\ntdll.dll
0x00007ff8ef8b0000 - 0x00007ff8ef96f000 	C:\Windows\System32\KERNEL32.DLL
0x00007ff8edaa0000 - 0x00007ff8edd96000 	C:\Windows\System32\KERNELBASE.dll
0x00007ff8edda0000 - 0x00007ff8edea0000 	C:\Windows\System32\ucrtbase.dll
0x00007ff8e6060000 - 0x00007ff8e607b000 	C:\Program Files\Java\jdk-17\bin\VCRUNTIME140.dll
0x00007ff8e3990000 - 0x00007ff8e39a8000 	C:\Program Files\Java\jdk-17\bin\jli.dll
0x00007ff8ee9f0000 - 0x00007ff8eea9f000 	C:\Windows\System32\ADVAPI32.dll
0x00007ff8ee8d0000 - 0x00007ff8ee96e000 	C:\Windows\System32\msvcrt.dll
0x00007ff8ef810000 - 0x00007ff8ef8ac000 	C:\Windows\System32\sechost.dll
0x00007ff8ef400000 - 0x00007ff8ef526000 	C:\Windows\System32\RPCRT4.dll
0x00007ff8ee570000 - 0x00007ff8ee70d000 	C:\Windows\System32\USER32.dll
0x00007ff8ed650000 - 0x00007ff8ed672000 	C:\Windows\System32\win32u.dll
0x00007ff8ef620000 - 0x00007ff8ef64c000 	C:\Windows\System32\GDI32.dll
0x00007ff8ed680000 - 0x00007ff8ed795000 	C:\Windows\System32\gdi32full.dll
0x00007ff8edea0000 - 0x00007ff8edf3d000 	C:\Windows\System32\msvcp_win.dll
0x00007ff8dbc80000 - 0x00007ff8dbf1a000 	C:\Windows\WinSxS\amd64_microsoft.windows.common-controls_6595b64144ccf1df_6.0.19041.1110_none_60b5254171f9507e\COMCTL32.dll
0x00007ff8e3800000 - 0x00007ff8e380a000 	C:\Windows\SYSTEM32\VERSION.dll
0x00007ff8ef530000 - 0x00007ff8ef560000 	C:\Windows\System32\IMM32.DLL
0x00007ff8e5e00000 - 0x00007ff8e5e0c000 	C:\Program Files\Java\jdk-17\bin\vcruntime140_1.dll
0x00007ff8cc9d0000 - 0x00007ff8cca5e000 	C:\Program Files\Java\jdk-17\bin\msvcp140.dll
0x00007ff8c2b60000 - 0x00007ff8c3737000 	C:\Program Files\Java\jdk-17\bin\server\jvm.dll
0x00007ff8ef800000 - 0x00007ff8ef808000 	C:\Windows\System32\PSAPI.DLL
0x00007ff8ddcd0000 - 0x00007ff8ddcf7000 	C:\Windows\SYSTEM32\WINMM.dll
0x00007ff8e6730000 - 0x00007ff8e6739000 	C:\Windows\SYSTEM32\WSOCK32.dll
0x00007ff8efd80000 - 0x00007ff8efdeb000 	C:\Windows\System32\WS2_32.dll
0x00007ff8eb4d0000 - 0x00007ff8eb4e2000 	C:\Windows\SYSTEM32\kernel.appcore.dll
0x00007ff8e3c00000 - 0x00007ff8e3c0a000 	C:\Program Files\Java\jdk-17\bin\jimage.dll
0x00007ff8dd010000 - 0x00007ff8dd1f4000 	C:\Windows\SYSTEM32\DBGHELP.DLL
0x00007ff8dc5f0000 - 0x00007ff8dc624000 	C:\Windows\SYSTEM32\dbgcore.DLL
0x00007ff8edf40000 - 0x00007ff8edfc2000 	C:\Windows\System32\bcryptPrimitives.dll
0x00007ff8e90a0000 - 0x00007ff8e90ae000 	C:\Program Files\Java\jdk-17\bin\instrument.dll
0x00007ff8d93e0000 - 0x00007ff8d9405000 	C:\Program Files\Java\jdk-17\bin\java.dll
0x00007ff8c84d0000 - 0x00007ff8c85a7000 	C:\Program Files\Java\jdk-17\bin\jsvml.dll
0x00007ff8eeb90000 - 0x00007ff8ef2d4000 	C:\Windows\System32\SHELL32.dll
0x00007ff8eb6d0000 - 0x00007ff8ebe63000 	C:\Windows\SYSTEM32\windows.storage.dll
0x00007ff8efa20000 - 0x00007ff8efd74000 	C:\Windows\System32\combase.dll
0x00007ff8ecfc0000 - 0x00007ff8ecfee000 	C:\Windows\SYSTEM32\Wldp.dll
0x00007ff8ef570000 - 0x00007ff8ef61d000 	C:\Windows\System32\SHCORE.dll
0x00007ff8ee7f0000 - 0x00007ff8ee845000 	C:\Windows\System32\shlwapi.dll
0x00007ff8ed580000 - 0x00007ff8ed5a5000 	C:\Windows\SYSTEM32\profapi.dll
0x00007ff8d7fd0000 - 0x00007ff8d7fe8000 	C:\Program Files\Java\jdk-17\bin\zip.dll
0x00007ff8dfb10000 - 0x00007ff8dfb29000 	C:\Program Files\Java\jdk-17\bin\net.dll
0x00007ff8e4980000 - 0x00007ff8e4a8a000 	C:\Windows\SYSTEM32\WINHTTP.dll
0x00007ff8ecd20000 - 0x00007ff8ecd8a000 	C:\Windows\system32\mswsock.dll
0x00007ff8d89c0000 - 0x00007ff8d89d6000 	C:\Program Files\Java\jdk-17\bin\nio.dll
0x00007ff8d6a90000 - 0x00007ff8d6aaa000 	C:\Program Files\JetBrains\IntelliJ IDEA Community Edition 2022.2.3\bin\breakgen64.dll
0x00007ff8de710000 - 0x00007ff8de71a000 	C:\Program Files\Java\jdk-17\bin\management.dll
0x00007ff8dc3a0000 - 0x00007ff8dc3ab000 	C:\Program Files\Java\jdk-17\bin\management_ext.dll
0x00007ff8d89b0000 - 0x00007ff8d89bd000 	C:\Program Files\Java\jdk-17\bin\sunmscapi.dll
0x00007ff8ed940000 - 0x00007ff8eda9e000 	C:\Windows\System32\CRYPT32.dll
0x00007ff8ed030000 - 0x00007ff8ed058000 	C:\Windows\SYSTEM32\ncrypt.dll
0x00007ff8ecff0000 - 0x00007ff8ed02b000 	C:\Windows\SYSTEM32\NTASN1.dll
0x00007ff8ecf20000 - 0x00007ff8ecf38000 	C:\Windows\SYSTEM32\CRYPTSP.dll
0x00007ff8ec630000 - 0x00007ff8ec664000 	C:\Windows\system32\rsaenh.dll
0x00007ff8ed7a0000 - 0x00007ff8ed7c7000 	C:\Windows\System32\bcrypt.dll
0x00007ff8ed500000 - 0x00007ff8ed52e000 	C:\Windows\SYSTEM32\USERENV.dll
0x00007ff8ecf10000 - 0x00007ff8ecf1c000 	C:\Windows\SYSTEM32\CRYPTBASE.dll
0x00007ff8eca10000 - 0x00007ff8eca4b000 	C:\Windows\SYSTEM32\IPHLPAPI.DLL
0x00007ff8eff20000 - 0x00007ff8eff28000 	C:\Windows\System32\NSI.dll
0x00007ff8e3f10000 - 0x00007ff8e3f27000 	C:\Windows\SYSTEM32\dhcpcsvc6.DLL
0x00007ff8e4080000 - 0x00007ff8e409d000 	C:\Windows\SYSTEM32\dhcpcsvc.DLL
0x00007ff8eca50000 - 0x00007ff8ecb1a000 	C:\Windows\SYSTEM32\DNSAPI.dll
0x00007ff8df300000 - 0x00007ff8df30a000 	C:\Windows\System32\rasadhlp.dll
0x00007ff8dfc60000 - 0x00007ff8dfce2000 	C:\Windows\System32\fwpuclnt.dll
0x00007ff8df9b0000 - 0x00007ff8df9c0000 	C:\Program Files\Java\jdk-17\bin\verify.dll
0x00007ff8e5e50000 - 0x00007ff8e5e57000 	C:\Windows\system32\wshunix.dll

dbghelp: loaded successfully - version: 4.0.5 - missing functions: none
symbol engine: initialized successfully - sym options: 0x614 - pdb path: .;C:\Program Files\Java\jdk-17\bin;C:\Windows\SYSTEM32;C:\Windows\WinSxS\amd64_microsoft.windows.common-controls_6595b64144ccf1df_6.0.19041.1110_none_60b5254171f9507e;C:\Program Files\Java\jdk-17\bin\server;C:\Program Files\JetBrains\IntelliJ IDEA Community Edition 2022.2.3\bin

VM Arguments:
jvm_args: -javaagent:C:\Program Files\JetBrains\IntelliJ IDEA Community Edition 2022.2.3\lib\idea_rt.jar=50120:C:\Program Files\JetBrains\IntelliJ IDEA Community Edition 2022.2.3\bin -Dfile.encoding=UTF-8 
java_command: com.api.ntc6001.Ntc6001Application
java_class_path (initial): C:\Users\Edward\Documents\Jaime Ararat - Aplicacion web\Backend\ntc6001\target\classes;C:\Users\Edward\.m2\repository\org\springframework\boot\spring-boot-starter-web\3.3.2\spring-boot-starter-web-3.3.2.jar;C:\Users\Edward\.m2\repository\org\springframework\boot\spring-boot-starter\3.3.2\spring-boot-starter-3.3.2.jar;C:\Users\Edward\.m2\repository\org\springframework\boot\spring-boot-starter-logging\3.3.2\spring-boot-starter-logging-3.3.2.jar;C:\Users\Edward\.m2\repository\ch\qos\logback\logback-classic\1.5.6\logback-classic-1.5.6.jar;C:\Users\Edward\.m2\repository\ch\qos\logback\logback-core\1.5.6\logback-core-1.5.6.jar;C:\Users\Edward\.m2\repository\org\apache\logging\log4j\log4j-to-slf4j\2.23.1\log4j-to-slf4j-2.23.1.jar;C:\Users\Edward\.m2\repository\org\apache\logging\log4j\log4j-api\2.23.1\log4j-api-2.23.1.jar;C:\Users\Edward\.m2\repository\org\slf4j\jul-to-slf4j\2.0.13\jul-to-slf4j-2.0.13.jar;C:\Users\Edward\.m2\repository\jakarta\annotation\jakarta.annotation-api\2.1.1\jakarta.annotation-api-2.1.1.jar;C:\Users\Edward\.m2\repository\org\yaml\snakeyaml\2.2\snakeyaml-2.2.jar;C:\Users\Edward\.m2\repository\org\springframework\boot\spring-boot-starter-json\3.3.2\spring-boot-starter-json-3.3.2.jar;C:\Users\Edward\.m2\repository\com\fasterxml\jackson\datatype\jackson-datatype-jdk8\2.17.2\jackson-datatype-jdk8-2.17.2.jar;C:\Users\Edward\.m2\repository\com\fasterxml\jackson\datatype\jackson-datatype-jsr310\2.17.2\jackson-datatype-jsr310-2.17.2.jar;C:\Users\Edward\.m2\repository\com\fasterxml\jackson\module\jackson-module-parameter-names\2.17.2\jackson-module-parameter-names-2.17.2.jar;C:\Users\Edward\.m2\repository\org\springframework\boot\spring-boot-starter-tomcat\3.3.2\spring-boot-starter-tomcat-3.3.2.jar;C:\Users\Edward\.m2\repository\org\apache\tomcat\embed\tomcat-embed-core\10.1.26\tomcat-embed-core-10.1.26.jar;C:\Users\Edward\.m2\repository\org\apache\tomcat\embed\tomcat-embed-el\10.1.26\tomcat-embed-el-10.1.26.jar;C:\Users\Edward\.
Launcher Type: SUN_STANDARD

[Global flags]
     intx CICompilerCount                          = 3                                         {product} {ergonomic}
     uint ConcGCThreads                            = 1                                         {product} {ergonomic}
     uint G1ConcRefinementThreads                  = 4                                         {product} {ergonomic}
   size_t G1HeapRegionSize                         = 1048576                                   {product} {ergonomic}
    uintx GCDrainStackTargetSize                   = 64                                        {product} {ergonomic}
   size_t InitialHeapSize                          = 117440512                                 {product} {ergonomic}
   size_t MarkStackSize                            = 4194304                                   {product} {ergonomic}
   size_t MaxHeapSize                              = 1864368128                                {product} {ergonomic}
   size_t MaxNewSize                               = 1117782016                                {product} {ergonomic}
   size_t MinHeapDeltaBytes                        = 1048576                                   {product} {ergonomic}
   size_t MinHeapSize                              = 8388608                                   {product} {ergonomic}
    uintx NonNMethodCodeHeapSize                   = 5832780                                {pd product} {ergonomic}
    uintx NonProfiledCodeHeapSize                  = 122912730                              {pd product} {ergonomic}
    uintx ProfiledCodeHeapSize                     = 122912730                              {pd product} {ergonomic}
    uintx ReservedCodeCacheSize                    = 251658240                              {pd product} {ergonomic}
     bool SegmentedCodeCache                       = true                                      {product} {ergonomic}
   size_t SoftMaxHeapSize                          = 1864368128                             {manageable} {ergonomic}
     bool UseCompressedClassPointers               = true                           {product lp64_product} {ergonomic}
     bool UseCompressedOops                        = true                           {product lp64_product} {ergonomic}
     bool UseG1GC                                  = true                                      {product} {ergonomic}
     bool UseLargePagesIndividualAllocation        = false                                  {pd product} {ergonomic}

Logging:
Log output configuration:
 #0: stdout all=warning uptime,level,tags
 #1: stderr all=off uptime,level,tags

Environment Variables:
JAVA_HOME=C:\Program Files\Java\jdk-17
PATH=C:\Python312\Scripts\;C:\Python312\;C:\Program Files\Java\jdk-17\bin;C:\Program Files\Java\jdk-11.0.1\bin;C:\Program Files\Java\jdk-19\bin;C:\Program Files (x86)\Common Files\Oracle\Java\javapath;C:\Program Files\Common Files\Oracle\Java\javapath;C:\Windows\system32;C:\Windows;C:\Windows\System32\Wbem;C:\Windows\System32\WindowsPowerShell\v1.0\;C:\Windows\System32\OpenSSH\;C:\Program Files\Git\cmd;C:\xampp\php;C:\Program Files\PuTTY\;C:\Program Files\Maven\apache-maven-3.9.2\bin;C:\xamppp\php;C:\composer;C:\Program Files\nodejs\;C:\ProgramData\chocolatey\bin;C:\Program Files (x86)\Windows Kits\10\Windows Performance Toolkit\;C:\Program Files\dotnet\;C:\Program Files\Amazon\AWSCLIV2\;C:\Program Files\MySQL\MySQL Shell 8.0\bin\;C:\Users\Edward\AppData\Local\Microsoft\WindowsApps;C:\Users\Edward\AppData\Local\Programs\Microsoft VS Code\bin;C:\Program Files (x86)\Brackets\;C:\Program Files\JetBrains\WebStorm 2022.2.2\bin;C:\Program Files\JetBrains\IntelliJ IDEA 2022.2.2\bin;C:\Users\Edward\AppData\Roaming\Composer\vendor\bin;C:\Users\Edward\AppData\Local\atom\bin;C:\ProgramData\Edward\gitkraken\bin;C:\Users\Edward\AppData\Local\gitkraken\bin;C:\flutter\bin;C:\Gradle\gradle-8.2.1\bin;C:\Users\Edward\AppData\Roaming\npm;C:\Users\Edward\AppData\Local\Google\Cloud SDK\google-cloud-sdk\bin
USERNAME=Edward
OS=Windows_NT
PROCESSOR_IDENTIFIER=AMD64 Family 21 Model 96 Stepping 1, AuthenticAMD



---------------  S Y S T E M  ---------------

OS:
 Windows 10 , 64 bit Build 19041 (10.0.19041.3155)
OS uptime: 0 days 12:02 hours

CPU: total 4 (initial active 4) (4 cores per cpu, 1 threads per core) family 21 model 96 stepping 1 microcode 0x0, cx8, cmov, fxsr, mmx, 3dnowpref, sse, sse2, sse3, ssse3, sse4a, sse4.1, sse4.2, popcnt, lzcnt, tsc, tscinvbit, avx, avx2, aes, clmul, bmi1, bmi2, fma, vzeroupper, clflush

Memory: 4k page, system-wide physical 7109M (849M free)
TotalPageFile size 19589M (AvailPageFile size 4M)
current process WorkingSet (physical memory assigned to process): 313M, peak: 347M
current process commit charge ("private bytes"): 389M, peak: 446M

vm_info: Java HotSpot(TM) 64-Bit Server VM (17.0.6+9-LTS-190) for windows-amd64 JRE (17.0.6+9-LTS-190), built on Dec  6 2022 15:53:54 by "mach5one" with MS VC++ 17.1 (VS2022)

END.
